<html>
  <meta charset="utf-8">
  <head><title>grunt-dotpl测试</title></head>
  <body>
    <p>这是grunt-dotpl测试.</p>
	<ul>
	  
	  <li id="1">菜单一</li>
	  
	  <li id="2">菜单二</li>
	  
	</ul>
	<div>This is replaced by custom option.</div>
  </body>
</html>