<html>
  <meta charset="utf-8">
  <head><title>grunt-dotpl testing</title></head>
  <body>
    <p>This is test.</p>
	<ul>
	  
	  <li id="1">item1</li>
	  
	  <li id="2">item2</li>
	  
	</ul>
	<div>Generated by grunt-dotpl</div>
  </body>
</html>